[1;1H[1mname[0m                     [1mverb[0m          [1mnoun[0m[K[2;1H-----------------------  ------------  ----------[K[3;1Hget-command              get           command[K[4;1Hformat-table             format        table[K[5;1Hconvert-from-asciitable  convert-from  asciitable[K[6;1Hquery-object             query         object[K[7;1Hselect-string            select        string[K[8;1H[K[9;1H[K[10;1H[K[11;1H[K[12;1H[K[13;1H[K[14;1H[K[15;1H[K[16;1H[K[17;1H[K[18;1H[K[19;1H[K[20;1H[2mRows 1-5/5 │ Col 1/5 [name] │ Search: "a.e" [0/0] │ q:quit (B[m[K